2026-03-06T05:30:17.6372702Z     __ __          __      __    _ __     
2026-03-06T05:30:17.6639023Z    / //_/_  _ ____/ /_  __/ /   (_) /____ 
2026-03-06T05:30:17.6639304Z   / ,< / / / / __  / / / / /   / / __/ _  
2026-03-06T05:30:17.6639371Z  / /| / /_/ / /_/ / /_/ / /___/ / /_/  __/
2026-03-06T05:30:17.6639426Z /_/ |_\__,_/\__,_/\__,_/_____/_/\__/\___/ 
2026-03-06T05:30:17.6639510Z 
2026-03-06T05:30:17.6639586Z                                           
2026-03-06T05:30:17.6639643Z DEBUG CONSOLE | AZURE APP SERVICE ON LINUX
2026-03-06T05:30:17.6639754Z 
2026-03-06T05:30:17.6639814Z Documentation: http://aka.ms/webapp-linux
2026-03-06T05:30:17.6639872Z Kudu Version : 20260204.5
2026-03-06T05:30:17.6639935Z Commit       : f2123a3d94768058c9d9e002efc0a31e9c1580a3
2026-03-06T05:30:17.6639993Z Instance Name: lw0sdlwk00012U
2026-03-06T05:30:17.6640066Z Instance Id  : ead10cea67e8f870f49063668b8834fb9e8504bba74b2866ec62a30d2cc9a094
2026-03-06T05:30:17.6640120Z 
2026-03-06T05:30:18.4613363Z chown: changing ownership of '/temp': Operation not permitted
2026-03-06T05:30:18.4841622Z chmod: changing permissions of '/temp': Operation not permitted
2026-03-06T05:30:27.6268300Z Restarting OpenBSD Secure Shell server: sshd.
2026-03-06T05:30:27.7655606Z node not running, starting node /opt/webssh/index.js
2026-03-06T05:30:43.1792762Z Fri Mar 6 05:30:43 UTC 2026 running .net core
2026-03-06T05:30:44.9342328Z Startup : 05.30.44.895595
2026-03-06T05:30:44.9733640Z Configure Services : 05.30.44.973092
2026-03-06T05:30:45.9160210Z Configure : 05.30.45.915736
2026-03-06T05:30:46.5731961Z Setting Up Routes : 05.30.46.572981
2026-03-06T05:30:46.6856421Z Exiting Configure : 05.30.46.682162
2026-03-06T05:30:47.0337349Z Hosting environment: Production
2026-03-06T05:30:47.0346145Z Content root path: /opt/Kudu
2026-03-06T05:30:47.0355547Z Now listening on: http://0.0.0.0:8181
2026-03-06T05:30:47.0363216Z Application started. Press Ctrl+C to shut down.
